// Jest Snapshot v1, https://goo.gl/fbAQLP

exports[`<Nav/> renders a sign in tab for logged out users 1`] = `
Array [
  <NavStyles
    data-test="nav"
  >
    <ul
      className="NavStyles-sc-11c0d2g-0 cAYLtA"
      data-test="nav"
    >
      <Link
        href="/items"
      >
        <a
          href="/items"
          onClick={[Function]}
        >
          shop
        </a>
      </Link>
      <Link
        href="/signup"
      >
        <a
          href="/signup"
          onClick={[Function]}
        >
          Sign In
        </a>
      </Link>
    </ul>
  </NavStyles>,
  <ul
    className="NavStyles-sc-11c0d2g-0 cAYLtA"
    data-test="nav"
  >
    <Link
      href="/items"
    >
      <a
        href="/items"
        onClick={[Function]}
      >
        shop
      </a>
    </Link>
    <Link
      href="/signup"
    >
      <a
        href="/signup"
        onClick={[Function]}
      >
        Sign In
      </a>
    </Link>
  </ul>,
]
`;

exports[`<Nav/> renders the amount of items in the cart 1`] = `
<CartCount
  count={9}
>
  <CartCount__AnimationStyles>
    <span
      className="CartCount__AnimationStyles-xxvp4g-0 gDkasO"
    >
      <TransitionGroup
        childFactory={[Function]}
        component="div"
      >
        <div>
          <CSSTransition
            className="count"
            classNames="count"
            in={true}
            key=".$9"
            onExited={[Function]}
            timeout={
              Object {
                "enter": 400,
                "exit": 400,
              }
            }
            unmountOnExit={true}
          >
            <Transition
              appear={false}
              className="count"
              enter={true}
              exit={true}
              in={true}
              mountOnEnter={false}
              onEnter={[Function]}
              onEntered={[Function]}
              onEntering={[Function]}
              onExit={[Function]}
              onExited={[Function]}
              onExiting={[Function]}
              timeout={
                Object {
                  "enter": 400,
                  "exit": 400,
                }
              }
              unmountOnExit={true}
            >
              <CartCount__Dot
                className="count"
              >
                <div
                  className="count CartCount__Dot-xxvp4g-1 ljNzVW"
                >
                  9
                </div>
              </CartCount__Dot>
            </Transition>
          </CSSTransition>
        </div>
      </TransitionGroup>
    </span>
  </CartCount__AnimationStyles>
</CartCount>
`;
