// Jest Snapshot v1, https://goo.gl/fbAQLP

exports[`<RequestReset/> renders and matches snapshot 1`] = `
<form
  className="Form-sc-1xszr8q-0 dMniLL"
  data-test="form"
  method="post"
  onSubmit={[Function]}
>
  <fieldset
    aria-disabled={false}
    disabled={false}
  >
    <h2>
      Request a Password Reset
    </h2>
    <DisplayError
      error={Object {}}
    />
    <label>
      Email
      <input
        name="email"
        onChange={[Function]}
        placeholder="email"
        type="email"
        value=""
      />
    </label>
    <button
      type="submit"
    >
      Reset
    </button>
  </fieldset>
</form>
`;
