// Jest Snapshot v1, https://goo.gl/fbAQLP

exports[`<Signup/> renders and matches snapshot 1`] = `
<form
  className="Form-sc-1xszr8q-0 dMniLL"
  data-test="Signup"
  method="post"
  onSubmit={[Function]}
>
  <fieldset
    aria-disabled={false}
    disabled={false}
  >
    <h2>
      Sign up for an account
    </h2>
    <DisplayError
      error={Object {}}
    />
    <label>
      Name
      <input
        name="name"
        onChange={[Function]}
        placeholder="name"
        type="text"
        value=""
      />
    </label>
    <label>
      Email
      <input
        name="email"
        onChange={[Function]}
        placeholder="email"
        type="email"
        value=""
      />
    </label>
    <label>
      Password
      <input
        name="password"
        onChange={[Function]}
        placeholder="password"
        type="password"
        value=""
      />
    </label>
    <button
      type="submit"
    >
      Sign Up!
    </button>
  </fieldset>
</form>
`;
